Can't prepare file to send. Too old document 30.11.1999 0:00:00. 