Can't prepare file to send. Invalid format version wrong. 