Can't prepare file to send. Invalid format version 1.0. 